V3 12
FL /home/agustin/Materias/EDI/Trabajos_Practicos/TP3/ProyectosXilink/TP3/mux2.vhd 2023/05/28.23:10:58 P.20131013
EN work/mux2 1685326262 \
      FL /home/agustin/Materias/EDI/Trabajos_Practicos/TP3/ProyectosXilink/TP3/mux2.vhd \
      PB ieee/std_logic_1164 1381692176
AR work/mux2/Behavioral 1685326263 \
      FL /home/agustin/Materias/EDI/Trabajos_Practicos/TP3/ProyectosXilink/TP3/mux2.vhd \
      EN work/mux2 1685326262
FL /home/agustin/Materias/EDI/Trabajos_Practicos/TP3/ProyectosXilink/TP3/muxal.vhd 2023/05/28.23:31:25 P.20131013
EN work/muxal 1685327501 \
      FL /home/agustin/Materias/EDI/Trabajos_Practicos/TP3/ProyectosXilink/TP3/muxal.vhd \
      PB ieee/std_logic_1164 1381692176
AR work/muxal/Behavioral 1685327502 \
      FL /home/agustin/Materias/EDI/Trabajos_Practicos/TP3/ProyectosXilink/TP3/muxal.vhd \
      EN work/muxal 1685327501
FL /home/agustin/Materias/EDI/Trabajos_Practicos/TP3/ProyectosXilink/TP3/orbitabit.vhd 2023/05/28.20:52:58 P.20131013
EN work/orbitabit 1685317991 \
      FL /home/agustin/Materias/EDI/Trabajos_Practicos/TP3/ProyectosXilink/TP3/orbitabit.vhd \
      PB ieee/std_logic_1164 1381692176
AR work/orbitabit/Behavioral 1685317992 \
      FL /home/agustin/Materias/EDI/Trabajos_Practicos/TP3/ProyectosXilink/TP3/orbitabit.vhd \
      EN work/orbitabit 1685317991
FL /home/agustin/Materias/EDI/Trabajos_Practicos/TP3/ProyectosXilink/TP3/sumador.vhd 2023/05/28.22:58:25 P.20131013
EN work/sumador 1685325516 \
      FL /home/agustin/Materias/EDI/Trabajos_Practicos/TP3/ProyectosXilink/TP3/sumador.vhd \
      PB ieee/std_logic_1164 1381692176
AR work/sumador/Behavioral 1685325517 \
      FL /home/agustin/Materias/EDI/Trabajos_Practicos/TP3/ProyectosXilink/TP3/sumador.vhd \
      EN work/sumador 1685325516
